// Jest Snapshot v1, https://goo.gl/fbAQLP

exports[`should render comment loader correctly 1`] = `<_class />`;
