// Jest Snapshot v1, https://goo.gl/fbAQLP

exports[`should render not found page correctly 1`] = `
<div
  className="not-found"
>
  <div
    className="not-found__item"
  >
    ðŸ˜•
  </div>
  <div
    className="not-found__item"
  >
    Page not found!
  </div>
  <Link
    className="not-found__button"
    to="/"
  >
    Go home
  </Link>
</div>
`;
