// Jest Snapshot v1, https://goo.gl/fbAQLP

exports[`should render story loader correctly 1`] = `<_class />`;
