// Jest Snapshot v1, https://goo.gl/fbAQLP

exports[`should render story page correctly 1`] = `
<ConnectFunction
  itemId="testItemId"
  showComments={true}
/>
`;
